// Jest Snapshot v1, https://goo.gl/fbAQLP

exports[`should render ConfirmRemoveModal 1`] = `
<Modal
  ariaHideApp={true}
  bodyOpenClassName="ReactModal__Body--open"
  className="modal"
  closeTimeoutMS={200}
  contentLabel="Confirm Removal Expense"
  isOpen={true}
  onRequestClose={[MockFunction]}
  parentSelector={[Function]}
  portalClassName="ReactModalPortal"
  role="dialog"
  shouldCloseOnEsc={true}
  shouldCloseOnOverlayClick={true}
  shouldFocusAfterRender={true}
  shouldReturnFocusAfterClose={true}
>
  <h3
    className="modal__title"
  >
    Confirm Expense Removal
  </h3>
  <p
    className="modal__body"
  >
    Are you sure you want to remove the below expense?
  </p>
  <p
    className="modal__body modal__body--bold"
  >
    Removing: 
    <br />
     
    description here
  </p>
  <button
    className="login-button login-button--warning modal__button"
    onClick={[MockFunction]}
  >
    Remove expense
  </button>
  <button
    className="login-button login-button__secondary modal__button"
    onClick={[MockFunction]}
  >
    Keep expense
  </button>
</Modal>
`;
