// Jest Snapshot v1, https://goo.gl/fbAQLP

exports[`should render NotFoundPage 1`] = `
<div>
  404! Oopsies! - Return to the homepage 
  <Link
    replace={false}
    to="/"
  >
    here
  </Link>
  .
</div>
`;
